Microchip MPLAB XC8 Compiler V2.50

Linker command line:

-W-3 \
  --edf=C:\Program Files\Microchip\xc8\v2.50\pic\dat\20240725155939_en.msgs \
  -cn -h+dist/default/debug\pic18f4620.debug.sym \
  --cmf=dist/default/debug\pic18f4620.debug.cmf -z -Q18F4620 \
  -oC:\Users\ZIAD_F~1\xcAsbh4.\driver_tmp_3.o --defsym=__MPLAB_BUILD=1 \
  --fixupoverflow=error -Mdist/default/debug/pic18f4620.debug.map \
  --md=C:\Users\ZIAD_F~1\xcAsbh4.\driver_tmp_0.dat -E1 -ver=XC8 Compiler \
  --acfsm=1493 -ACODE=00h-0FFFFh -ACONST=00h-0FFFFh \
  -ASMALLCONST=01000h-010FFhx240 -AMEDIUMCONST=01000h-0FFFFh \
  -ACOMRAM=01h-07Fh -AABS1=00h-0F7Fh -ABIGRAM=01h-0F7Fh \
  -ARAM=080h-0FFh,0100h-01FFhx14,0F00h-0F7Fh -ABANK0=080h-0FFh \
  -ABANK1=0100h-01FFh -ABANK2=0200h-02FFh -ABANK3=0300h-03FFh \
  -ABANK4=0400h-04FFh -ABANK5=0500h-05FFh -ABANK6=0600h-06FFh \
  -ABANK7=0700h-07FFh -ABANK8=0800h-08FFh -ABANK9=0900h-09FFh \
  -ABANK10=0A00h-0AFFh -ABANK11=0B00h-0BFFh -ABANK12=0C00h-0CFFh \
  -ABANK13=0D00h-0DFFh -ABANK14=0E00h-0EFFh -ABANK15=0F00h-0F7Fh \
  -ASFR=0F80h-0FFFh -ABIGSFR=0F80h-0FFFh -ACONFIG=0300000h-030000Dh \
  -AIDLOC=0200000h-0200007h -AEEDATA=0F00000h-0F003FFh -peeprom_data=EEDATA \
  -preset_vec=00h,intcode=8h,intcodelo,powerup,init -pramtop=01000h \
  -psmallconst=SMALLCONST -pmediumconst=MEDIUMCONST -pconst=CONST \
  -AFARRAM=00h-00h \
  -prdata=COMRAM,nvrram=COMRAM,nvbit=COMRAM,rbss=COMRAM,rbit=COMRAM \
  -pfarbss=FARRAM,fardata=FARRAM,nvFARRAM=FARRAM \
  -pintsave_regs=BIGRAM,bigbss=BIGRAM,bigdata=BIGRAM -pbss=RAM \
  -pidata=CODE,irdata=CODE,ibigdata=CODE,ifardata=CODE -prparam=COMRAM \
  C:\Users\ZIAD_F~1\xcAsbh4.\driver_tmp_9.o \
  dist/default/debug\pic18f4620.debug.o 

Object code version is 3.11

Machine type is 18F4620



                Name                               Link     Load   Length Selector   Space Scale
C:\Users\ZIAD_F~1\xcAsbh4.\driver_tmp_9.o
                config                           300000   300000        E        0       4
                init                                  E        E        4        4       0
                reset_vec                             0        0        4        0       0
dist/default/debug\pic18f4620.debug.o
                intcode                               8        8        6        4       0
                config                           300000   300000        E        0       4
                temp                                 7E       7E        1        1       1
                smallconst                         1000     1000       16      800       0
                text18                             1594     1594        2      A5D       0
                text17                             1544     1544       2E      A5D       0
                text16                             1592     1592        2      A5D       0
                text15                             1590     1590        2      A5D       0
                text14                             158E     158E        2      A5D       0
                text13                             1516     1516       2E      A5D       0
                text12                             14E8     14E8       2E      A5D       0
                text11                             14BA     14BA       2E      A5D       0
                text10                             158C     158C        2      A5D       0
                text9                              158A     158A        2      A5D       0
                text8                              1588     1588        2      A5D       0
                text7                              1586     1586        2      A5D       0
                text6                              1404     1404       44      80B       0
                text5                              13C0     13C0       44      80B       0
                text4                              137C     137C       44      80B       0
                text3                              1338     1338       44      80B       0
                text2                              1572     1572        C      A5D       0
                intcode_body                       1016     1016      2CC      80B       0
                text0                              157E     157E        8      A5D       0
                cstackCOMRAM                         7B       7B        3        1       1
                dataBANK0                            80       80       2E       80       1
                dataCOMRAM                            1        1       43        1       1
                bssCOMRAM                            44       44       37        1       1
                cinit                              12E2     12E2       56      80B       0
                idataCOMRAM                        1448     1448       43      80B       0
                idataBANK0                         148B     148B       2E      80B       0

TOTAL           Name                               Link     Load   Length     Space
        CLASS   CODE           
                intcode                               8        8        6         0
                init                                  E        E        4         0
                reset_vec                             0        0        4         0
                text18                             1594     1594        2         0
                text17                             1544     1544       2E         0
                text16                             1592     1592        2         0
                text15                             1590     1590        2         0
                text14                             158E     158E        2         0
                text13                             1516     1516       2E         0
                text12                             14E8     14E8       2E         0
                text11                             14BA     14BA       2E         0
                text10                             158C     158C        2         0
                text9                              158A     158A        2         0
                text8                              1588     1588        2         0
                text7                              1586     1586        2         0
                text6                              1404     1404       44         0
                text5                              13C0     13C0       44         0
                text4                              137C     137C       44         0
                text3                              1338     1338       44         0
                text2                              1572     1572        C         0
                intcode_body                       1016     1016      2CC         0
                text0                              157E     157E        8         0
                cinit                              12E2     12E2       56         0
                idataCOMRAM                        1448     1448       43         0
                idataBANK0                         148B     148B       2E         0

        CLASS   CONST          

        CLASS   SMALLCONST     
                smallconst                         1000     1000       16         0

        CLASS   MEDIUMCONST    

        CLASS   COMRAM         
                temp                                 7E       7E        1         1
                cstackCOMRAM                         7B       7B        3         1
                dataCOMRAM                            1        1       43         1
                bssCOMRAM                            44       44       37         1

        CLASS   ABS1           

        CLASS   BIGRAM         

        CLASS   RAM            

        CLASS   BANK0          
                dataBANK0                            80       80       2E         1

        CLASS   BANK1          

        CLASS   BANK2          

        CLASS   BANK3          

        CLASS   BANK4          

        CLASS   BANK5          

        CLASS   BANK6          

        CLASS   BANK7          

        CLASS   BANK8          

        CLASS   BANK9          

        CLASS   BANK10         

        CLASS   BANK11         

        CLASS   BANK12         

        CLASS   BANK13         

        CLASS   BANK14         

        CLASS   BANK15         

        CLASS   SFR            

        CLASS   BIGSFR         

        CLASS   CONFIG         
                config                           300000   300000        E         4

        CLASS   IDLOC          

        CLASS   EEDATA         

        CLASS   FARRAM         

        CLASS   HEAP           

        CLASS   STACK          



SEGMENTS        Name                           Load    Length   Top    Selector   Space  Class

                reset_vec                      000000  000004  000004         0       0  CODE    
                dataCOMRAM                     000001  00007E  00007F         1       1  COMRAM  
                intcode                        000008  00000A  000012         4       0  CODE    
                dataBANK0                      000080  00002E  0000AE        80       1  BANK0   
                smallconst                     001000  000016  001016       800       0  SMALLCON
                intcode_body                   001016  0004A3  0014B9       80B       0  CODE    
                text11                         0014BA  0000DC  001596       A5D       0  CODE    


UNUSED ADDRESS RANGES

        Name                Unused          Largest block    Delta
        BANK0            0000AE-0000FF               52
        BANK1            000100-0001FF              100
        BANK10           000A00-000AFF              100
        BANK11           000B00-000BFF              100
        BANK12           000C00-000CFF              100
        BANK13           000D00-000DFF              100
        BANK14           000E00-000EFF              100
        BANK15           000F00-000F7F               80
        BANK2            000200-0002FF              100
        BANK3            000300-0003FF              100
        BANK4            000400-0004FF              100
        BANK5            000500-0005FF              100
        BANK6            000600-0006FF              100
        BANK7            000700-0007FF              100
        BANK8            000800-0008FF              100
        BANK9            000900-0009FF              100
        BIGRAM           00007F-00007F                1
                         0000AE-000F7F              ED2
        BIGSFR           000F80-000FFF               80
        CODE             000004-000007                4
                         000012-000FFF              FEE
                         0014B9-0014B9                1
                         001596-00FFFF             EA6A
        COMRAM           00007F-00007F                1
        CONST            000004-000007                4
                         000012-000FFF              FEE
                         0014B9-0014B9                1
                         001596-00FFFF             EA6A
        EEDATA           F00000-F003FF              400
        IDLOC            200000-200007                8
        MEDIUMCONST      0014B9-0014B9                1
                         001596-00FFFF             EA6A
        RAM              0000AE-000F7F              100
        SFR              000F80-000FFF               80
        SMALLCONST       0014B9-0014B9                1
                         001596-00FFFF              100

                                  Symbol Table

HALL_Led_init@F3239            bssCOMRAM    000078
HALL_Led_trunOFF@F3249         bssCOMRAM    000076
HALL_Led_trunON@F3244          bssCOMRAM    000077
HALL_Led_trunToggle@F3254      bssCOMRAM    000075
HALL_Relay_init@F3233          bssCOMRAM    000074
HALL_Relay_turnOFF@F3243       bssCOMRAM    000072
HALL_Relay_turnON@F3238        bssCOMRAM    000073
RB4_ISR@copySource             cstackCOMRAM 00007B
RB5_ISR@copySource             cstackCOMRAM 00007B
RB6_ISR@copySource             cstackCOMRAM 00007B
RB7_ISR@copySource             cstackCOMRAM 00007B
_ADCON0bits                    (abs)        000FC2
_ADCON1bits                    (abs)        000FC1
_ADCON2bits                    (abs)        000FC0
_ADC_ISR                       text17       001544
_ADC_interruptHandler          bssCOMRAM    000064
_ADC_isr                       text18       001594
_ADRESH                        (abs)        000FC4
_ADRESL                        (abs)        000FC3
_BTN1                          dataCOMRAM   000036
_EEADR                         (abs)        000FA9
_EEADRH                        (abs)        000FAA
_EECON1bits                    (abs)        000FA6
_EECON2                        (abs)        000FA7
_EEDATA                        (abs)        000FA8
_EX_INT0                       dataCOMRAM   00002B
_EX_INT1                       dataCOMRAM   000025
_EX_INT2                       dataCOMRAM   00001F
_INT0_ISR                      text13       001516
_INT0_interruptHandler         bssCOMRAM    000062
_INT0_isr                      text15       001590
_INT1_ISR                      text12       0014E8
_INT1_interruptHandler         bssCOMRAM    000060
_INT1_isr                      text14       00158E
_INT2_ISR                      text11       0014BA
_INT2_interruptHandler         bssCOMRAM    00005E
_INT2_isr                      text16       001592
_INTCON2bits                   (abs)        000FF1
_INTCON3bits                   (abs)        000FF0
_INTCONbits                    (abs)        000FF2
_KeyPad1                       dataBANK0    00008A
_LATA                          (abs)        000F89
_LATB                          (abs)        000F8A
_LATC                          (abs)        000F8B
_LATD                          (abs)        000F8C
_LATE                          (abs)        000F8D
_LCD1_4Bit                     dataCOMRAM   000001
_LCD1_8Bit                     dataBANK0    000080
_Led1                          dataCOMRAM   000043
_Led2                          dataCOMRAM   000042
_Led3                          dataCOMRAM   000041
_MCAL_InterruptManager         intcode      000008
_Motor1                        dataCOMRAM   00003B
_Motor2                        dataCOMRAM   000039
_PIE1bits                      (abs)        000F9D
_PIR1bits                      (abs)        000F9E
_PORTA                         (abs)        000F80
_PORTB                         (abs)        000F81
_PORTBbits                     (abs)        000F81
_PORTC                         (abs)        000F82
_PORTD                         (abs)        000F83
_PORTE                         (abs)        000F84
_RB4_Flag                      dataCOMRAM   000040
_RB4_ISR                       text6        001404
_RB4_interruptHandler_High     bssCOMRAM    00005C
_RB4_interruptHandler_Low      bssCOMRAM    00005A
_RB4_isr                       text9        00158A
_RB5_Flag                      dataCOMRAM   00003F
_RB5_ISR                       text5        0013C0
_RB5_interruptHandler_High     bssCOMRAM    000058
_RB5_interruptHandler_Low      bssCOMRAM    000056
_RB5_isr                       text8        001588
_RB6_Flag                      dataCOMRAM   00003E
_RB6_ISR                       text4        00137C
_RB6_interruptHandler_High     bssCOMRAM    000054
_RB6_interruptHandler_Low      bssCOMRAM    000052
_RB6_isr                       text7        001586
_RB7_Flag                      dataCOMRAM   00003D
_RB7_ISR                       text3        001338
_RB7_interruptHandler_High     bssCOMRAM    000050
_RB7_interruptHandler_Low      bssCOMRAM    00004E
_RB7_isr                       text10       00158C
_RB_4                          dataCOMRAM   000019
_RB_5                          dataCOMRAM   000013
_RB_6                          dataCOMRAM   00000D
_RB_7                          dataCOMRAM   000007
_RetValue_BTN                  bssCOMRAM    000066
_RetValue_KeyPad               bssCOMRAM    000068
_Seg1                          dataCOMRAM   000031
_T0CONbits                     (abs)        000FD5
_TMR0H                         (abs)        000FD7
_TMR0L                         (abs)        000FD6
_TRISA                         (abs)        000F92
_TRISB                         (abs)        000F93
_TRISC                         (abs)        000F94
_TRISD                         (abs)        000F95
_TRISE                         (abs)        000F96
_Timer0_ISR                    text2        001572
_Timer0_Preloaded              bssCOMRAM    00004C
_Timer0_interruptHandler       bssCOMRAM    00004A
__HRAM                         (abs)        000000
__H__absolute__                __absolute__ 000000
__Habs1                        abs1         000000
__Hbank0                       bank0        000000
__Hbank1                       bank1        000000
__Hbank10                      bank10       000000
__Hbank11                      bank11       000000
__Hbank12                      bank12       000000
__Hbank13                      bank13       000000
__Hbank14                      bank14       000000
__Hbank15                      bank15       000000
__Hbank2                       bank2        000000
__Hbank3                       bank3        000000
__Hbank4                       bank4        000000
__Hbank5                       bank5        000000
__Hbank6                       bank6        000000
__Hbank7                       bank7        000000
__Hbank8                       bank8        000000
__Hbank9                       bank9        000000
__Hbigbss                      bigbss       000000
__Hbigdata                     bigdata      000000
__Hbigram                      bigram       000000
__Hbigsfr                      bigsfr       000000
__Hbss                         bss          000000
__HbssCOMRAM                   bssCOMRAM    000000
__Hcinit                       cinit        000000
__Hclrtext                     clrtext      000000
__Hcomram                      comram       000000
__Hconfig                      config       30000E
__Hconst                       const        000000
__HcstackCOMRAM                cstackCOMRAM 000000
__Hdata                        data         000000
__HdataBANK0                   dataBANK0    000000
__HdataCOMRAM                  dataCOMRAM   000000
__Heeprom_data                 eeprom_data  000000
__Hfarbss                      farbss       000000
__Hfardata                     fardata      000000
__Hheap                        heap         000000
__Hibigdata                    ibigdata     000000
__Hidata                       idata        000000
__HidataBANK0                  idataBANK0   000000
__HidataCOMRAM                 idataCOMRAM  000000
__Hidloc                       idloc        000000
__Hifardata                    ifardata     000000
__Hinit                        init         000012
__Hintcode                     intcode      00000E
__Hintcode_body                intcode_body 000000
__Hintcodelo                   intcodelo    00000E
__Hintentry                    intentry     000000
__Hintret                      intret       000000
__Hintsave_regs                intsave_regs 000000
__Hirdata                      irdata       000000
__Hmediumconst                 mediumconst  000000
__HnvFARRAM                    nvFARRAM     000000
__Hnvbit                       nvbit        000000
__Hnvrram                      nvrram       000000
__Hparam                       rparam       000000
__Hpowerup                     powerup      00000E
__Hram                         ram          000000
__Hramtop                      ramtop       001000
__Hrbit                        rbit         000000
__Hrbss                        rbss         000000
__Hrdata                       rdata        000000
__Hreset_vec                   reset_vec    000004
__Hrparam                      rparam       000000
__Hsfr                         sfr          000000
__Hsivt_hi                     sivt_hi      000000
__Hsivt_lo                     sivt_lo      000000
__Hsmallconst                  smallconst   001016
__Hspace_0                     (abs)        001596
__Hspace_1                     (abs)        0000AE
__Hspace_2                     (abs)        000000
__Hspace_4                     (abs)        60000E
__Hstack                       stack        000000
__Hstruct                      struct       000000
__Htemp                        temp         00007F
__Htext                        text         000000
__Htext0                       text0        000000
__Htext10                      text10       000000
__Htext11                      text11       000000
__Htext12                      text12       000000
__Htext13                      text13       000000
__Htext14                      text14       000000
__Htext15                      text15       000000
__Htext16                      text16       000000
__Htext17                      text17       000000
__Htext18                      text18       000000
__Htext2                       text2        000000
__Htext3                       text3        000000
__Htext4                       text4        000000
__Htext5                       text5        000000
__Htext6                       text6        000000
__Htext7                       text7        000000
__Htext8                       text8        000000
__Htext9                       text9        000000
__LRAM                         (abs)        000001
__L__absolute__                __absolute__ 000000
__Labs1                        abs1         000000
__Lbank0                       bank0        000000
__Lbank1                       bank1        000000
__Lbank10                      bank10       000000
__Lbank11                      bank11       000000
__Lbank12                      bank12       000000
__Lbank13                      bank13       000000
__Lbank14                      bank14       000000
__Lbank15                      bank15       000000
__Lbank2                       bank2        000000
__Lbank3                       bank3        000000
__Lbank4                       bank4        000000
__Lbank5                       bank5        000000
__Lbank6                       bank6        000000
__Lbank7                       bank7        000000
__Lbank8                       bank8        000000
__Lbank9                       bank9        000000
__Lbigbss                      bigbss       000000
__Lbigdata                     bigdata      000000
__Lbigram                      bigram       000000
__Lbigsfr                      bigsfr       000000
__Lbss                         bss          000000
__LbssCOMRAM                   bssCOMRAM    000000
__Lcinit                       cinit        000000
__Lclrtext                     clrtext      000000
__Lcomram                      comram       000000
__Lconfig                      config       000000
__Lconst                       const        000000
__LcstackCOMRAM                cstackCOMRAM 000000
__Ldata                        data         000000
__LdataBANK0                   dataBANK0    000000
__LdataCOMRAM                  dataCOMRAM   000000
__Leeprom_data                 eeprom_data  000000
__Lfarbss                      farbss       000000
__Lfardata                     fardata      000000
__Lheap                        heap         000000
__Libigdata                    ibigdata     000000
__Lidata                       idata        000000
__LidataBANK0                  idataBANK0   000000
__LidataCOMRAM                 idataCOMRAM  000000
__Lidloc                       idloc        000000
__Lifardata                    ifardata     000000
__Linit                        init         00000E
__Lintcode                     intcode      000008
__Lintcode_body                intcode_body 000000
__Lintcodelo                   intcodelo    00000E
__Lintentry                    intentry     000000
__Lintret                      intret       000000
__Lintsave_regs                intsave_regs 000000
__Lirdata                      irdata       000000
__Lmediumconst                 mediumconst  000000
__LnvFARRAM                    nvFARRAM     000000
__Lnvbit                       nvbit        000000
__Lnvrram                      nvrram       000000
__Lparam                       rparam       000000
__Lpowerup                     powerup      00000E
__Lram                         ram          000000
__Lramtop                      ramtop       001000
__Lrbit                        rbit         000000
__Lrbss                        rbss         000000
__Lrdata                       rdata        000000
__Lreset_vec                   reset_vec    000000
__Lrparam                      rparam       000000
__Lsfr                         sfr          000000
__Lsivt_hi                     sivt_hi      000000
__Lsivt_lo                     sivt_lo      000000
__Lsmallconst                  smallconst   001000
__Lspace_0                     (abs)        000000
__Lspace_1                     (abs)        000000
__Lspace_2                     (abs)        000000
__Lspace_4                     (abs)        000000
__Lstack                       stack        000000
__Lstruct                      struct       000000
__Ltemp                        temp         00007E
__Ltext                        text         000000
__Ltext0                       text0        000000
__Ltext10                      text10       000000
__Ltext11                      text11       000000
__Ltext12                      text12       000000
__Ltext13                      text13       000000
__Ltext14                      text14       000000
__Ltext15                      text15       000000
__Ltext16                      text16       000000
__Ltext17                      text17       000000
__Ltext18                      text18       000000
__Ltext2                       text2        000000
__Ltext3                       text3        000000
__Ltext4                       text4        000000
__Ltext5                       text5        000000
__Ltext6                       text6        000000
__Ltext7                       text7        000000
__Ltext8                       text8        000000
__Ltext9                       text9        000000
__S0                           (abs)        001596
__S1                           (abs)        0000AE
__S4                           (abs)        000000
__S5                           (abs)        000000
___heap_hi                     (abs)        000000
___heap_lo                     (abs)        000000
___inthi_sp                    stack        000000
___inthi_stack_hi              stack        000000
___inthi_stack_lo              stack        000000
___intlo_sp                    stack        000000
___intlo_stack_hi              stack        000000
___intlo_stack_lo              stack        000000
___param_bank                  (abs)        000000
___rparam_used                 (abs)        000001
___sp                          stack        000000
___stack_hi                    stack        000000
___stack_lo                    stack        000000
__accesstop                    (abs)        000080
__activetblptr                 (abs)        000003
__end_of_ADC_ISR               text17       001572
__end_of_ADC_isr               text18       001596
__end_of_INT0_ISR              text13       001544
__end_of_INT0_isr              text15       001592
__end_of_INT1_ISR              text12       001516
__end_of_INT1_isr              text14       001590
__end_of_INT2_ISR              text11       0014E8
__end_of_INT2_isr              text16       001594
__end_of_MCAL_InterruptManager intcode_body 0012E2
__end_of_RB4_ISR               text6        001448
__end_of_RB4_isr               text9        00158C
__end_of_RB5_ISR               text5        001404
__end_of_RB5_isr               text8        00158A
__end_of_RB6_ISR               text4        0013C0
__end_of_RB6_isr               text7        001588
__end_of_RB7_ISR               text3        00137C
__end_of_RB7_isr               text10       00158E
__end_of_Timer0_ISR            text2        00157E
__end_of__initialization       cinit        00132E
__end_of_btn_Value             smallconst   001011
__end_of_main                  text0        001586
__initialization               cinit        0012E2
__mediumconst                  mediumconst  000000
__pbssCOMRAM                   bssCOMRAM    000044
__pcinit                       cinit        0012E2
__pcstackCOMRAM                cstackCOMRAM 00007B
__pdataBANK0                   dataBANK0    000080
__pdataCOMRAM                  dataCOMRAM   000001
__pidataBANK0                  idataBANK0   00148B
__pidataCOMRAM                 idataCOMRAM  001448
__pintcode                     intcode      000008
__pintcode_body                intcode_body 001016
__psmallconst                  smallconst   001000
__ptext0                       text0        00157E
__ptext10                      text10       00158C
__ptext11                      text11       0014BA
__ptext12                      text12       0014E8
__ptext13                      text13       001516
__ptext14                      text14       00158E
__ptext15                      text15       001590
__ptext16                      text16       001592
__ptext17                      text17       001544
__ptext18                      text18       001594
__ptext2                       text2        001572
__ptext3                       text3        001338
__ptext4                       text4        00137C
__ptext5                       text5        0013C0
__ptext6                       text6        001404
__ptext7                       text7        001586
__ptext8                       text8        001588
__ptext9                       text9        00158A
__ramtop                       ramtop       001000
__smallconst                   smallconst   001000
_adc1                          dataBANK0    0000A7
_adc2                          dataBANK0    0000A0
_adc3                          dataBANK0    000099
_adc4                          dataBANK0    000092
_btn_Value                     smallconst   001001
_main                          text0        00157E
_objPin_motor_1                bssCOMRAM    00007A
_objPin_motor_2                bssCOMRAM    000079
_retADC1                       bssCOMRAM    000070
_retADC2                       bssCOMRAM    00006E
_retADC3                       bssCOMRAM    00006C
_retADC4                       bssCOMRAM    00006A
btemp                          temp         00007E
end_of_initialization          cinit        00132E
int$flags                      temp         00007E
int_func                       intcode_body 001016
intlevel0                      text         000000
intlevel1                      text         000000
intlevel2                      text         000000
intlevel3                      text         000000
isa$std                        (abs)        000001
isa$xinst                      (abs)        000000
stackhi                        (abs)        000000
stacklo                        (abs)        000000
start                          init         00000E
start_initialization           cinit        0012E2
ttemp5                         temp         00007F
ttemp6                         temp         000082
ttemp7                         temp         000086
wtemp8                         temp         00007F


MODULE INFORMATION

Module		Function		Class		Link	Load	Size
Mcal/Mcal_interrupt/Mcal_interrupt_manager.c
		_MCAL_InterruptManager		CODE           	0008	0000	722

Mcal/Mcal_interrupt/Mcal_interrupt_manager.c estimated size: 722

Mcal/Mcal_interrupt/Mcal_external_interrupt.c
		_RB4_ISR       		CODE           	1404	0000	68
		_RB5_ISR       		CODE           	13C0	0000	68
		_RB6_ISR       		CODE           	137C	0000	68
		_RB7_ISR       		CODE           	1338	0000	68
		_INT0_ISR      		CODE           	1516	0000	46
		_INT1_ISR      		CODE           	14E8	0000	46
		_INT2_ISR      		CODE           	14BA	0000	46

Mcal/Mcal_interrupt/Mcal_external_interrupt.c estimated size: 410

Mcal/Mcal_ADC/Mcal_ADC_prog.c
		_ADC_ISR       		CODE           	1544	0000	46

Mcal/Mcal_ADC/Mcal_ADC_prog.c estimated size: 46

App/Main.c
		_main          		CODE           	157E	0000	8

App/Main.c estimated size: 8

App/ISR.c
		_INT2_isr      		CODE           	1592	0000	2
		_ADC_isr       		CODE           	1594	0000	2
		_RB4_isr       		CODE           	158A	0000	2
		_INT0_isr      		CODE           	1590	0000	2
		_RB5_isr       		CODE           	1588	0000	2
		_RB6_isr       		CODE           	1586	0000	2
		_INT1_isr      		CODE           	158E	0000	2
		_RB7_isr       		CODE           	158C	0000	2

App/ISR.c estimated size: 16

Mcal/Mcal_Timer_0/Mcal_Timer_0_prog.c
		_Timer0_ISR    		CODE           	1572	0000	12

Mcal/Mcal_Timer_0/Mcal_Timer_0_prog.c estimated size: 12

shared
		__initialization		CODE           	12E2	0000	76
		_btn_Value     		SMALLCONST     	1001	0000	16

shared estimated size: 92

