
There are no discarded input sections

Memory Configuration

Name             Origin             Length             Attributes
FLASH            0x08000000         0x00010000         xr
RAM              0x20000000         0x00005000         xrw
*default*        0x00000000         0xffffffff

Linker script and memory map

                0x20005000                        _estack = (ORIGIN (RAM) + LENGTH (RAM))
                0x00000200                        _Min_Heap_Size = 0x200
                0x00000400                        _Min_Stack_Size = 0x400

.text           0x08000000       0x90
                0x08000000                        . = ALIGN (0x4)
 *(.text)
 .text          0x08000000       0x48 file1.o
                0x08000000                fun1
 .text          0x08000048       0x48 file2.o
                0x08000048                fun2
 *(.text*)
                0x08000090                        . = ALIGN (0x4)
                0x08000090                        _etext = .

.glue_7         0x08000090        0x0
 .glue_7        0x08000090        0x0 linker stubs

.glue_7t        0x08000090        0x0
 .glue_7t       0x08000090        0x0 linker stubs

.vfp11_veneer   0x08000090        0x0
 .vfp11_veneer  0x08000090        0x0 linker stubs

.v4_bx          0x08000090        0x0
 .v4_bx         0x08000090        0x0 linker stubs

.iplt           0x08000090        0x0
 .iplt          0x08000090        0x0 file1.o

.rodata         0x08000090        0x4
                0x08000090                        . = ALIGN (0x4)
 *(.rodata)
 .rodata        0x08000090        0x4 file1.o
                0x08000090                var11
 *(.rodata*)
                0x08000094                        . = ALIGN (0x4)

.rel.dyn        0x08000094        0x0
 .rel.iplt      0x08000094        0x0 file1.o

.data           0x20000000       0x10 load address 0x08000094
                0x20000000                        . = ALIGN (0x4)
                0x20000000                        _sdata = .
 *(.data)
 .data          0x20000000        0x6 file1.o
                0x20000000                var1
                0x20000004                var2
 *fill*         0x20000006        0x2 
 .data          0x20000008        0x6 file2.o
                0x20000008                var5
                0x2000000c                var6
 *(.data*)
                0x20000010                        . = ALIGN (0x4)
 *fill*         0x2000000e        0x2 
                0x20000010                        _edata = .

.igot.plt       0x20000010        0x0 load address 0x080000a4
 .igot.plt      0x20000010        0x0 file1.o

.bss            0x20000010       0x10 load address 0x080000a4
                0x20000010                        _sbss = .
                0x20000010                        . = ALIGN (0x4)
 *(.bss)
 .bss           0x20000010        0x8 file1.o
                0x20000010                var3
                0x20000014                var4
 .bss           0x20000018        0x8 file2.o
                0x20000018                var7
                0x2000001c                var8
 *(.bss*)
                0x20000020                        . = ALIGN (0x4)
                0x20000020                        _ebss = .
LOAD file1.o
LOAD file2.o
OUTPUT(ElfFile.elf elf32-littlearm)
LOAD linker stubs

.comment        0x00000000       0x26
 .comment       0x00000000       0x26 file1.o
                                 0x27 (size before relaxing)
 .comment       0x00000026       0x27 file2.o

.ARM.attributes
                0x00000000       0x2d
 .ARM.attributes
                0x00000000       0x2d file1.o
 .ARM.attributes
                0x0000002d       0x2d file2.o
