
There are no discarded input sections

Memory Configuration

Name             Origin             Length             Attributes
CCMRAM           0x10000000         0x00010000         xrw
RAM              0x20000000         0x00020000         xrw
FLASH            0x08000000         0x00100000         xr
*default*        0x00000000         0xffffffff

Linker script and memory map

                0x20020000                        _estack = (ORIGIN (RAM) + LENGTH (RAM))
                0x00000200                        _Min_Heap_Size = 0x200
                0x00000400                        _Min_Stack_Size = 0x400

.isr_vector     0x08000000      0x188
                0x08000000                        . = ALIGN (0x4)
 *(.isr_vector)
 .isr_vector    0x08000000      0x188 startup_stm32f407xx.o
                0x08000000                Vector_Table
                0x08000188                        . = ALIGN (0x4)

.text           0x08000188      0x1d4
                0x08000188                        . = ALIGN (0x4)
 *(.text)
 .text          0x08000188       0xb0 startup_stm32f407xx.o
                0x08000194                Reset_Handler
                0x0800022c                RTC_Alarm_IRQHandler
                0x0800022c                HASH_RNG_IRQHandler
                0x0800022c                EXTI2_IRQHandler
                0x0800022c                TIM8_CC_IRQHandler
                0x0800022c                DebugMon_Handler
                0x0800022c                TIM1_CC_IRQHandler
                0x0800022c                DMA2_Stream5_IRQHandler
                0x0800022c                HardFault_Handler
                0x0800022c                DMA1_Stream5_IRQHandler
                0x0800022c                SysTick_Handler
                0x0800022c                PVD_IRQHandler
                0x0800022c                SDIO_IRQHandler
                0x0800022c                TAMP_STAMP_IRQHandler
                0x0800022c                PendSV_Handler
                0x0800022c                NMI_Handler
                0x0800022c                CAN2_RX1_IRQHandler
                0x0800022c                EXTI3_IRQHandler
                0x0800022c                TIM8_TRG_COM_TIM14_IRQHandler
                0x0800022c                TIM1_UP_TIM10_IRQHandler
                0x0800022c                TIM8_UP_TIM13_IRQHandler
                0x0800022c                I2C3_ER_IRQHandler
                0x0800022c                EXTI0_IRQHandler
                0x0800022c                I2C2_EV_IRQHandler
                0x0800022c                DMA1_Stream2_IRQHandler
                0x0800022c                CAN1_RX0_IRQHandler
                0x0800022c                FPU_IRQHandler
                0x0800022c                OTG_HS_WKUP_IRQHandler
                0x0800022c                UsageFault_Handler
                0x0800022c                CAN2_SCE_IRQHandler
                0x0800022c                DMA2_Stream2_IRQHandler
                0x0800022c                SPI1_IRQHandler
                0x0800022c                TIM6_DAC_IRQHandler
                0x0800022c                TIM1_BRK_TIM9_IRQHandler
                0x0800022c                DCMI_IRQHandler
                0x0800022c                CAN2_RX0_IRQHandler
                0x0800022c                DMA2_Stream3_IRQHandler
                0x0800022c                USART6_IRQHandler
                0x0800022c                USART3_IRQHandler
                0x0800022c                CAN1_RX1_IRQHandler
                0x0800022c                UART5_IRQHandler
                0x0800022c                DMA2_Stream0_IRQHandler
                0x0800022c                TIM4_IRQHandler
                0x0800022c                I2C1_EV_IRQHandler
                0x0800022c                DMA1_Stream6_IRQHandler
                0x0800022c                DMA1_Stream1_IRQHandler
                0x0800022c                UART4_IRQHandler
                0x0800022c                TIM3_IRQHandler
                0x0800022c                RCC_IRQHandler
                0x0800022c                TIM8_BRK_TIM12_IRQHandler
                0x0800022c                Default_Handler
                0x0800022c                EXTI15_10_IRQHandler
                0x0800022c                ADC_IRQHandler
                0x0800022c                DMA1_Stream7_IRQHandler
                0x0800022c                TIM7_IRQHandler
                0x0800022c                CAN2_TX_IRQHandler
                0x0800022c                TIM5_IRQHandler
                0x0800022c                DMA2_Stream7_IRQHandler
                0x0800022c                I2C3_EV_IRQHandler
                0x0800022c                EXTI9_5_IRQHandler
                0x0800022c                RTC_WKUP_IRQHandler
                0x0800022c                ETH_WKUP_IRQHandler
                0x0800022c                SPI2_IRQHandler
                0x0800022c                OTG_HS_EP1_IN_IRQHandler
                0x0800022c                MemManage_Handler
                0x0800022c                DMA1_Stream0_IRQHandler
                0x0800022c                CAN1_TX_IRQHandler
                0x0800022c                SVC_Handler
                0x0800022c                EXTI4_IRQHandler
                0x0800022c                FSMC_IRQHandler
                0x0800022c                ETH_IRQHandler
                0x0800022c                OTG_HS_EP1_OUT_IRQHandler
                0x0800022c                WWDG_IRQHandler
                0x0800022c                TIM2_IRQHandler
                0x0800022c                OTG_FS_WKUP_IRQHandler
                0x0800022c                TIM1_TRG_COM_TIM11_IRQHandler
                0x0800022c                OTG_HS_IRQHandler
                0x0800022c                EXTI1_IRQHandler
                0x0800022c                USART2_IRQHandler
                0x0800022c                I2C2_ER_IRQHandler
                0x0800022c                DMA2_Stream1_IRQHandler
                0x0800022c                CAN1_SCE_IRQHandler
                0x0800022c                FLASH_IRQHandler
                0x0800022c                DMA2_Stream4_IRQHandler
                0x0800022c                BusFault_Handler
                0x0800022c                USART1_IRQHandler
                0x0800022c                OTG_FS_IRQHandler
                0x0800022c                SPI3_IRQHandler
                0x0800022c                DMA1_Stream4_IRQHandler
                0x0800022c                I2C1_ER_IRQHandler
                0x0800022c                DMA2_Stream6_IRQHandler
                0x0800022c                DMA1_Stream3_IRQHandler
 .text          0x08000238      0x124 application.o
                0x08000238                main
 *(.text*)
                0x0800035c                        . = ALIGN (0x4)
                0x0800035c                        _etext = .

.glue_7         0x0800035c        0x0
 .glue_7        0x0800035c        0x0 linker stubs

.glue_7t        0x0800035c        0x0
 .glue_7t       0x0800035c        0x0 linker stubs

.vfp11_veneer   0x0800035c        0x0
 .vfp11_veneer  0x0800035c        0x0 linker stubs

.v4_bx          0x0800035c        0x0
 .v4_bx         0x0800035c        0x0 linker stubs

.iplt           0x0800035c        0x0
 .iplt          0x0800035c        0x0 startup_stm32f407xx.o

.rodata         0x0800035c        0x4
                0x0800035c                        . = ALIGN (0x4)
 *(.rodata)
 .rodata        0x0800035c        0x4 startup_stm32f407xx.o
                0x0800035c                MSP_Value
 *(.rodata*)
                0x08000360                        . = ALIGN (0x4)
                0x08000360                        _sidata = LOADADDR (.data)

.rel.dyn        0x08000360        0x0
 .rel.iplt      0x08000360        0x0 startup_stm32f407xx.o

.data           0x20000000        0x8 load address 0x08000360
                0x20000000                        . = ALIGN (0x4)
                0x20000000                        _sdata = .
 *(.data)
 .data          0x20000000        0x0 startup_stm32f407xx.o
 .data          0x20000000        0x8 application.o
                0x20000000                Counter1
                0x20000004                Counter2
 *(.data*)
                0x20000008                        . = ALIGN (0x4)
                0x20000008                        _edata = .

.igot.plt       0x20000008        0x0 load address 0x08000368
 .igot.plt      0x20000008        0x0 startup_stm32f407xx.o
                0x20000008                        . = ALIGN (0x4)

.bss            0x20000008        0x8 load address 0x08000368
                0x20000008                        _sbss = .
 *(.bss)
 .bss           0x20000008        0x0 startup_stm32f407xx.o
 .bss           0x20000008        0x8 application.o
                0x20000008                Counter3
                0x2000000c                Counter4
 *(.bss*)
                0x20000010                        . = ALIGN (0x4)
                0x20000010                        _ebss = .

._user_heap_stack
                0x20000010      0x600 load address 0x08000368
                0x20000010                        . = ALIGN (0x8)
                0x20000210                        . = (. + _Min_Heap_Size)
 *fill*         0x20000010      0x200 
                0x20000610                        . = (. + _Min_Stack_Size)
 *fill*         0x20000210      0x400 
                0x20000610                        . = ALIGN (0x8)
LOAD startup_stm32f407xx.o
LOAD application.o
OUTPUT(Elf_File.elf elf32-littlearm)
LOAD linker stubs

.comment        0x00000000       0x26
 .comment       0x00000000       0x26 startup_stm32f407xx.o
                                 0x27 (size before relaxing)
 .comment       0x00000026       0x27 application.o

.ARM.attributes
                0x00000000       0x2d
 .ARM.attributes
                0x00000000       0x2d startup_stm32f407xx.o
 .ARM.attributes
                0x0000002d       0x2d application.o
